// Vitest Snapshot v1

exports[`<NotificationCard/> > should show match snapshot 1`] = `
{
  "asFragment": [Function],
  "baseElement": <body>
    <div>
      <div
        class="sc-dkzDqf hXIkkB"
      >
        <img
          class="sc-hKMtZM eaHsLj"
          src="/src/assets/icons/AlfredoPhotoIcon.svg"
        />
        <span
          class="sc-eCYdqJ jMxTVP"
        >
          Alfredo
        </span>
        <span
          class="sc-jSMfEi jCXEyz"
        >
          liked your tweet.
        </span>
        <span
          class="sc-gKXOVf fVYPhJ"
        >
          1h
        </span>
        <div
          class="sc-bczRLJ gpaXLH"
        >
          <img
            class="sc-gsnTZi gNNCuJ"
            src="/src/assets/icons/TwitterIcon.svg"
          />
        </div>
      </div>
    </div>
  </body>,
  "container": <div>
    <div
      class="sc-dkzDqf hXIkkB"
    >
      <img
        class="sc-hKMtZM eaHsLj"
        src="/src/assets/icons/AlfredoPhotoIcon.svg"
      />
      <span
        class="sc-eCYdqJ jMxTVP"
      >
        Alfredo
      </span>
      <span
        class="sc-jSMfEi jCXEyz"
      >
        liked your tweet.
      </span>
      <span
        class="sc-gKXOVf fVYPhJ"
      >
        1h
      </span>
      <div
        class="sc-bczRLJ gpaXLH"
      >
        <img
          class="sc-gsnTZi gNNCuJ"
          src="/src/assets/icons/TwitterIcon.svg"
        />
      </div>
    </div>
  </div>,
  "debug": [Function],
  "findAllByAltText": [Function],
  "findAllByDisplayValue": [Function],
  "findAllByLabelText": [Function],
  "findAllByPlaceholderText": [Function],
  "findAllByRole": [Function],
  "findAllByTestId": [Function],
  "findAllByText": [Function],
  "findAllByTitle": [Function],
  "findByAltText": [Function],
  "findByDisplayValue": [Function],
  "findByLabelText": [Function],
  "findByPlaceholderText": [Function],
  "findByRole": [Function],
  "findByTestId": [Function],
  "findByText": [Function],
  "findByTitle": [Function],
  "getAllByAltText": [Function],
  "getAllByDisplayValue": [Function],
  "getAllByLabelText": [Function],
  "getAllByPlaceholderText": [Function],
  "getAllByRole": [Function],
  "getAllByTestId": [Function],
  "getAllByText": [Function],
  "getAllByTitle": [Function],
  "getByAltText": [Function],
  "getByDisplayValue": [Function],
  "getByLabelText": [Function],
  "getByPlaceholderText": [Function],
  "getByRole": [Function],
  "getByTestId": [Function],
  "getByText": [Function],
  "getByTitle": [Function],
  "queryAllByAltText": [Function],
  "queryAllByDisplayValue": [Function],
  "queryAllByLabelText": [Function],
  "queryAllByPlaceholderText": [Function],
  "queryAllByRole": [Function],
  "queryAllByTestId": [Function],
  "queryAllByText": [Function],
  "queryAllByTitle": [Function],
  "queryByAltText": [Function],
  "queryByDisplayValue": [Function],
  "queryByLabelText": [Function],
  "queryByPlaceholderText": [Function],
  "queryByRole": [Function],
  "queryByTestId": [Function],
  "queryByText": [Function],
  "queryByTitle": [Function],
  "rerender": [Function],
  "unmount": [Function],
}
`;
