// Vitest Snapshot v1

exports[`<Post/> > should show match snapshot 1`] = `
{
  "asFragment": [Function],
  "baseElement": <body>
    <div>
      <div
        class="sc-gKXOVf gsDAIt"
      >
        <div
          class="sc-iBkjds fyqkwp"
        >
          <div
            class="sc-ftvSup iOGfLH"
          >
            <img
              class="sc-papXJ hbQSzU"
              src="/src/assets/icons/ProfilePhotoIcon.svg"
            />
          </div>
          <div
            class="sc-jqUVSM iJoCqh"
          >
            <div
              class="sc-kDDrLX TEqDf"
            >
              <span
                class="sc-iqcoie hzGzAq"
              >
                Victor Moraes
              </span>
              <span
                class="sc-crXcEl gjdcae"
              >
                1h
              </span>
            </div>
            <span
              class="sc-evZas hHCdeT"
            >
              Look at this galaxy! Its so beautiful...
            </span>
            <div
              class="sc-eCYdqJ jtafVE"
            >
              <img
                class="sc-jSMfEi jwEDwO"
                src="/src/assets/icons/InstagramIcon.svg"
              />
            </div>
          </div>
        </div>
        <img
          class="sc-breuTD jbscYM"
          src="/src/assets/images/AndromedaImage.png"
        />
        <div
          class="sc-ksZaOG izmBSs"
        >
          <div
            class="sc-bczRLJ kfAyjk"
          >
            <div
              class="sc-gsnTZi fHNkQO"
            >
              <img
                class="sc-dkzDqf KaWxl"
                src="/src/assets/icons/LikeIcon.svg"
              />
            </div>
            <span
              class="sc-hKMtZM esTaXM"
            >
              237
            </span>
          </div>
          <div
            class="sc-bczRLJ kfAyjk"
          >
            <div
              class="sc-gsnTZi fHNkQO"
            >
              <img
                class="sc-dkzDqf KaWxl"
                src="/src/assets/icons/CommentIcon.svg"
              />
            </div>
            <span
              class="sc-hKMtZM esTaXM"
            >
              15
            </span>
          </div>
          <div
            class="sc-bczRLJ kfAyjk"
          >
            <div
              class="sc-gsnTZi fHNkQO"
            >
              <img
                class="sc-dkzDqf KaWxl"
                src="/src/assets/icons/ShareIcon.svg"
              />
            </div>
            <span
              class="sc-hKMtZM esTaXM"
            >
              10
            </span>
          </div>
        </div>
      </div>
    </div>
  </body>,
  "container": <div>
    <div
      class="sc-gKXOVf gsDAIt"
    >
      <div
        class="sc-iBkjds fyqkwp"
      >
        <div
          class="sc-ftvSup iOGfLH"
        >
          <img
            class="sc-papXJ hbQSzU"
            src="/src/assets/icons/ProfilePhotoIcon.svg"
          />
        </div>
        <div
          class="sc-jqUVSM iJoCqh"
        >
          <div
            class="sc-kDDrLX TEqDf"
          >
            <span
              class="sc-iqcoie hzGzAq"
            >
              Victor Moraes
            </span>
            <span
              class="sc-crXcEl gjdcae"
            >
              1h
            </span>
          </div>
          <span
            class="sc-evZas hHCdeT"
          >
            Look at this galaxy! Its so beautiful...
          </span>
          <div
            class="sc-eCYdqJ jtafVE"
          >
            <img
              class="sc-jSMfEi jwEDwO"
              src="/src/assets/icons/InstagramIcon.svg"
            />
          </div>
        </div>
      </div>
      <img
        class="sc-breuTD jbscYM"
        src="/src/assets/images/AndromedaImage.png"
      />
      <div
        class="sc-ksZaOG izmBSs"
      >
        <div
          class="sc-bczRLJ kfAyjk"
        >
          <div
            class="sc-gsnTZi fHNkQO"
          >
            <img
              class="sc-dkzDqf KaWxl"
              src="/src/assets/icons/LikeIcon.svg"
            />
          </div>
          <span
            class="sc-hKMtZM esTaXM"
          >
            237
          </span>
        </div>
        <div
          class="sc-bczRLJ kfAyjk"
        >
          <div
            class="sc-gsnTZi fHNkQO"
          >
            <img
              class="sc-dkzDqf KaWxl"
              src="/src/assets/icons/CommentIcon.svg"
            />
          </div>
          <span
            class="sc-hKMtZM esTaXM"
          >
            15
          </span>
        </div>
        <div
          class="sc-bczRLJ kfAyjk"
        >
          <div
            class="sc-gsnTZi fHNkQO"
          >
            <img
              class="sc-dkzDqf KaWxl"
              src="/src/assets/icons/ShareIcon.svg"
            />
          </div>
          <span
            class="sc-hKMtZM esTaXM"
          >
            10
          </span>
        </div>
      </div>
    </div>
  </div>,
  "debug": [Function],
  "findAllByAltText": [Function],
  "findAllByDisplayValue": [Function],
  "findAllByLabelText": [Function],
  "findAllByPlaceholderText": [Function],
  "findAllByRole": [Function],
  "findAllByTestId": [Function],
  "findAllByText": [Function],
  "findAllByTitle": [Function],
  "findByAltText": [Function],
  "findByDisplayValue": [Function],
  "findByLabelText": [Function],
  "findByPlaceholderText": [Function],
  "findByRole": [Function],
  "findByTestId": [Function],
  "findByText": [Function],
  "findByTitle": [Function],
  "getAllByAltText": [Function],
  "getAllByDisplayValue": [Function],
  "getAllByLabelText": [Function],
  "getAllByPlaceholderText": [Function],
  "getAllByRole": [Function],
  "getAllByTestId": [Function],
  "getAllByText": [Function],
  "getAllByTitle": [Function],
  "getByAltText": [Function],
  "getByDisplayValue": [Function],
  "getByLabelText": [Function],
  "getByPlaceholderText": [Function],
  "getByRole": [Function],
  "getByTestId": [Function],
  "getByText": [Function],
  "getByTitle": [Function],
  "queryAllByAltText": [Function],
  "queryAllByDisplayValue": [Function],
  "queryAllByLabelText": [Function],
  "queryAllByPlaceholderText": [Function],
  "queryAllByRole": [Function],
  "queryAllByTestId": [Function],
  "queryAllByText": [Function],
  "queryAllByTitle": [Function],
  "queryByAltText": [Function],
  "queryByDisplayValue": [Function],
  "queryByLabelText": [Function],
  "queryByPlaceholderText": [Function],
  "queryByRole": [Function],
  "queryByTestId": [Function],
  "queryByText": [Function],
  "queryByTitle": [Function],
  "rerender": [Function],
  "unmount": [Function],
}
`;
