// Vitest Snapshot v1

exports[`<SocialMediaBar/> > should show match snapshot 1`] = `
{
  "asFragment": [Function],
  "baseElement": <body>
    <div>
      <div
        class="sc-bczRLJ eciodL"
      >
        <div
          class="sc-gsnTZi hHFUSO"
        >
          <div
            class="sc-jSMfEi hdIjdc"
            data-cy="social-media-button-unified"
          >
            <img
              class="sc-gKXOVf bWeCPV"
              src="/src/assets/icons/AppIcon.svg"
            />
            <div
              class="sc-iBkjds jvkWpD"
            />
          </div>
          <div
            class="sc-jSMfEi ikLAlr"
            data-cy="social-media-button-instagram"
          >
            <img
              class="sc-gKXOVf bWeCPV"
              src="/src/assets/icons/InstagramIcon.svg"
            />
          </div>
          <div
            class="sc-jSMfEi ikLAlr"
            data-cy="social-media-button-twitter"
          >
            <img
              class="sc-gKXOVf bWeCPV"
              src="/src/assets/icons/TwitterIcon.svg"
            />
          </div>
          <div
            class="sc-jSMfEi ikLAlr"
            data-cy="social-media-button-facebook"
          >
            <img
              class="sc-gKXOVf bWeCPV"
              src="/src/assets/icons/FacebookIcon.svg"
            />
          </div>
        </div>
        <div
          class="sc-dkzDqf juTuKI"
        >
          <img
            class="sc-hKMtZM ixKqbH"
            src="/src/assets/icons/ToggleSocialBarIcon.svg"
          />
        </div>
      </div>
    </div>
  </body>,
  "container": <div>
    <div
      class="sc-bczRLJ eciodL"
    >
      <div
        class="sc-gsnTZi hHFUSO"
      >
        <div
          class="sc-jSMfEi hdIjdc"
          data-cy="social-media-button-unified"
        >
          <img
            class="sc-gKXOVf bWeCPV"
            src="/src/assets/icons/AppIcon.svg"
          />
          <div
            class="sc-iBkjds jvkWpD"
          />
        </div>
        <div
          class="sc-jSMfEi ikLAlr"
          data-cy="social-media-button-instagram"
        >
          <img
            class="sc-gKXOVf bWeCPV"
            src="/src/assets/icons/InstagramIcon.svg"
          />
        </div>
        <div
          class="sc-jSMfEi ikLAlr"
          data-cy="social-media-button-twitter"
        >
          <img
            class="sc-gKXOVf bWeCPV"
            src="/src/assets/icons/TwitterIcon.svg"
          />
        </div>
        <div
          class="sc-jSMfEi ikLAlr"
          data-cy="social-media-button-facebook"
        >
          <img
            class="sc-gKXOVf bWeCPV"
            src="/src/assets/icons/FacebookIcon.svg"
          />
        </div>
      </div>
      <div
        class="sc-dkzDqf juTuKI"
      >
        <img
          class="sc-hKMtZM ixKqbH"
          src="/src/assets/icons/ToggleSocialBarIcon.svg"
        />
      </div>
    </div>
  </div>,
  "debug": [Function],
  "findAllByAltText": [Function],
  "findAllByDisplayValue": [Function],
  "findAllByLabelText": [Function],
  "findAllByPlaceholderText": [Function],
  "findAllByRole": [Function],
  "findAllByTestId": [Function],
  "findAllByText": [Function],
  "findAllByTitle": [Function],
  "findByAltText": [Function],
  "findByDisplayValue": [Function],
  "findByLabelText": [Function],
  "findByPlaceholderText": [Function],
  "findByRole": [Function],
  "findByTestId": [Function],
  "findByText": [Function],
  "findByTitle": [Function],
  "getAllByAltText": [Function],
  "getAllByDisplayValue": [Function],
  "getAllByLabelText": [Function],
  "getAllByPlaceholderText": [Function],
  "getAllByRole": [Function],
  "getAllByTestId": [Function],
  "getAllByText": [Function],
  "getAllByTitle": [Function],
  "getByAltText": [Function],
  "getByDisplayValue": [Function],
  "getByLabelText": [Function],
  "getByPlaceholderText": [Function],
  "getByRole": [Function],
  "getByTestId": [Function],
  "getByText": [Function],
  "getByTitle": [Function],
  "queryAllByAltText": [Function],
  "queryAllByDisplayValue": [Function],
  "queryAllByLabelText": [Function],
  "queryAllByPlaceholderText": [Function],
  "queryAllByRole": [Function],
  "queryAllByTestId": [Function],
  "queryAllByText": [Function],
  "queryAllByTitle": [Function],
  "queryByAltText": [Function],
  "queryByDisplayValue": [Function],
  "queryByLabelText": [Function],
  "queryByPlaceholderText": [Function],
  "queryByRole": [Function],
  "queryByTestId": [Function],
  "queryByText": [Function],
  "queryByTitle": [Function],
  "rerender": [Function],
  "unmount": [Function],
}
`;
