// Vitest Snapshot v1

exports[`<StoriesBar/> > should show match snapshot 1`] = `
{
  "asFragment": [Function],
  "baseElement": <body>
    <div>
      <div
        class="sc-gKXOVf eMtIrj"
      >
        <div
          class="sc-eCYdqJ kNmmNQ"
          direction="left"
        >
          <img
            class="sc-jSMfEi gxwlYz"
            src="/src/assets/icons/ArrowIcon.svg"
          />
        </div>
        <div
          class="sc-iBkjds hCHhzn"
        >
          <div
            class="sc-bczRLJ mKoYI"
          >
            <div
              class="sc-gsnTZi liUpCO"
            >
              <img
                class="sc-dkzDqf kmAHmU"
                src="/src/assets/icons/AlfredoPhotoIcon.svg"
              />
            </div>
            <span
              class="sc-hKMtZM fqAUFi"
            >
              Alfredo
            </span>
          </div>
          <div
            class="sc-bczRLJ mKoYI"
          >
            <div
              class="sc-gsnTZi liUpCO"
            >
              <img
                class="sc-dkzDqf kmAHmU"
                src="/src/assets/icons/ContactPhotoIcon.svg"
              />
            </div>
            <span
              class="sc-hKMtZM fqAUFi"
            >
              Contact Name
            </span>
          </div>
          <div
            class="sc-bczRLJ mKoYI"
          >
            <div
              class="sc-gsnTZi liUpCO"
            >
              <img
                class="sc-dkzDqf kmAHmU"
                src="/src/assets/icons/ContactPhotoIcon.svg"
              />
            </div>
            <span
              class="sc-hKMtZM fqAUFi"
            >
              Contact Name
            </span>
          </div>
          <div
            class="sc-bczRLJ mKoYI"
          >
            <div
              class="sc-gsnTZi liUpCO"
            >
              <img
                class="sc-dkzDqf kmAHmU"
                src="/src/assets/icons/ContactPhotoIcon.svg"
              />
            </div>
            <span
              class="sc-hKMtZM fqAUFi"
            >
              Contact Name
            </span>
          </div>
          <div
            class="sc-bczRLJ mKoYI"
          >
            <div
              class="sc-gsnTZi liUpCO"
            >
              <img
                class="sc-dkzDqf kmAHmU"
                src="/src/assets/icons/ContactPhotoIcon.svg"
              />
            </div>
            <span
              class="sc-hKMtZM fqAUFi"
            >
              Contact Name
            </span>
          </div>
          <div
            class="sc-bczRLJ mKoYI"
          >
            <div
              class="sc-gsnTZi liUpCO"
            >
              <img
                class="sc-dkzDqf kmAHmU"
                src="/src/assets/icons/ContactPhotoIcon.svg"
              />
            </div>
            <span
              class="sc-hKMtZM fqAUFi"
            >
              Contact Name
            </span>
          </div>
        </div>
        <div
          class="sc-eCYdqJ blKEqO"
          direction="right"
        >
          <img
            class="sc-jSMfEi gxwlYz"
            src="/src/assets/icons/ArrowIcon.svg"
          />
        </div>
      </div>
    </div>
  </body>,
  "container": <div>
    <div
      class="sc-gKXOVf eMtIrj"
    >
      <div
        class="sc-eCYdqJ kNmmNQ"
        direction="left"
      >
        <img
          class="sc-jSMfEi gxwlYz"
          src="/src/assets/icons/ArrowIcon.svg"
        />
      </div>
      <div
        class="sc-iBkjds hCHhzn"
      >
        <div
          class="sc-bczRLJ mKoYI"
        >
          <div
            class="sc-gsnTZi liUpCO"
          >
            <img
              class="sc-dkzDqf kmAHmU"
              src="/src/assets/icons/AlfredoPhotoIcon.svg"
            />
          </div>
          <span
            class="sc-hKMtZM fqAUFi"
          >
            Alfredo
          </span>
        </div>
        <div
          class="sc-bczRLJ mKoYI"
        >
          <div
            class="sc-gsnTZi liUpCO"
          >
            <img
              class="sc-dkzDqf kmAHmU"
              src="/src/assets/icons/ContactPhotoIcon.svg"
            />
          </div>
          <span
            class="sc-hKMtZM fqAUFi"
          >
            Contact Name
          </span>
        </div>
        <div
          class="sc-bczRLJ mKoYI"
        >
          <div
            class="sc-gsnTZi liUpCO"
          >
            <img
              class="sc-dkzDqf kmAHmU"
              src="/src/assets/icons/ContactPhotoIcon.svg"
            />
          </div>
          <span
            class="sc-hKMtZM fqAUFi"
          >
            Contact Name
          </span>
        </div>
        <div
          class="sc-bczRLJ mKoYI"
        >
          <div
            class="sc-gsnTZi liUpCO"
          >
            <img
              class="sc-dkzDqf kmAHmU"
              src="/src/assets/icons/ContactPhotoIcon.svg"
            />
          </div>
          <span
            class="sc-hKMtZM fqAUFi"
          >
            Contact Name
          </span>
        </div>
        <div
          class="sc-bczRLJ mKoYI"
        >
          <div
            class="sc-gsnTZi liUpCO"
          >
            <img
              class="sc-dkzDqf kmAHmU"
              src="/src/assets/icons/ContactPhotoIcon.svg"
            />
          </div>
          <span
            class="sc-hKMtZM fqAUFi"
          >
            Contact Name
          </span>
        </div>
        <div
          class="sc-bczRLJ mKoYI"
        >
          <div
            class="sc-gsnTZi liUpCO"
          >
            <img
              class="sc-dkzDqf kmAHmU"
              src="/src/assets/icons/ContactPhotoIcon.svg"
            />
          </div>
          <span
            class="sc-hKMtZM fqAUFi"
          >
            Contact Name
          </span>
        </div>
      </div>
      <div
        class="sc-eCYdqJ blKEqO"
        direction="right"
      >
        <img
          class="sc-jSMfEi gxwlYz"
          src="/src/assets/icons/ArrowIcon.svg"
        />
      </div>
    </div>
  </div>,
  "debug": [Function],
  "findAllByAltText": [Function],
  "findAllByDisplayValue": [Function],
  "findAllByLabelText": [Function],
  "findAllByPlaceholderText": [Function],
  "findAllByRole": [Function],
  "findAllByTestId": [Function],
  "findAllByText": [Function],
  "findAllByTitle": [Function],
  "findByAltText": [Function],
  "findByDisplayValue": [Function],
  "findByLabelText": [Function],
  "findByPlaceholderText": [Function],
  "findByRole": [Function],
  "findByTestId": [Function],
  "findByText": [Function],
  "findByTitle": [Function],
  "getAllByAltText": [Function],
  "getAllByDisplayValue": [Function],
  "getAllByLabelText": [Function],
  "getAllByPlaceholderText": [Function],
  "getAllByRole": [Function],
  "getAllByTestId": [Function],
  "getAllByText": [Function],
  "getAllByTitle": [Function],
  "getByAltText": [Function],
  "getByDisplayValue": [Function],
  "getByLabelText": [Function],
  "getByPlaceholderText": [Function],
  "getByRole": [Function],
  "getByTestId": [Function],
  "getByText": [Function],
  "getByTitle": [Function],
  "queryAllByAltText": [Function],
  "queryAllByDisplayValue": [Function],
  "queryAllByLabelText": [Function],
  "queryAllByPlaceholderText": [Function],
  "queryAllByRole": [Function],
  "queryAllByTestId": [Function],
  "queryAllByText": [Function],
  "queryAllByTitle": [Function],
  "queryByAltText": [Function],
  "queryByDisplayValue": [Function],
  "queryByLabelText": [Function],
  "queryByPlaceholderText": [Function],
  "queryByRole": [Function],
  "queryByTestId": [Function],
  "queryByText": [Function],
  "queryByTitle": [Function],
  "rerender": [Function],
  "unmount": [Function],
}
`;
